Script started on Sat 17 Nov 2018 01:49:32 AM EST
[?1034hbash-4.2$ date
Sat Nov 17 01:49:36 EST 2018
bash-4.2$ uname -a
Linux zeus-1 3.10.0-862.14.4.el7.x86_64 #1 SMP Wed Sep 26 15:12:11 UTC 2018 x86_64 x86_64 x86_64 GNU/Linux
bash-4.2$ pwd
/home/aveney2/CS262/lab11_aveney2_201
bash-4.2$ make clean
rm -f lab11_aveney2_201
bash-4.2$ make
gcc -g -O0 -Wall -pedantic-errors -o lab11_aveney2_201 lab11_aveney2_201.c 
bash-4.2$ lab11_aveney2_201 262262 50 1000
Random Number : 
178 886 374 179 454  56 702 923 885  27 531 825 179 133 698 987 111 878 683 332 473  95 930 884 244 869 260 161 811 115 345 989 691 719 859 145 775 560 758 350 277 288 865 456 421 563 133 532 440 506 
Linked List   : 
 27  56  95 111 115 133 133 145 161 178 179 179 244 260 277 288 332 345 350 374 421 440 454 456 473 506 531 532 560 563 683 691 698 702 719 758 775 811 825 859 865 869 878 884 885 886 923 930 987 989 
bash-4.2$ valgring[Kd --leak[Kck[K[Kk-check=yes lab11_aveney2_201 262262 50 1000
==20502== Memcheck, a memory error detector
==20502== Copyright (C) 2002-2015, and GNU GPL'd, by Julian Seward et al.
==20502== Using Valgrind-3.12.0 and LibVEX; rerun with -h for copyright info
==20502== Command: lab11_aveney2_201 262262 50 1000
==20502== 
Random Number : 
178 886 374 179 454  56 702 923 885  27 531 825 179 133 698 987 111 878 683 332 473  95 930 884 244 869 260 161 811 115 345 989 691 719 859 145 775 560 758 350 277 288 865 456 421 563 133 532 440 506 
Linked List   : 
 27  56  95 111 115 133 133 145 161 178 179 179 244 260 277 288 332 345 350 374 421 440 454 456 473 506 531 532 560 563 683 691 698 702 719 758 775 811 825 859 865 869 878 884 885 886 923 930 987 989 
==20502== 
==20502== HEAP SUMMARY:
==20502==     in use at exit: 0 bytes in 0 blocks
==20502==   total heap usage: 50 allocs, 50 frees, 800 bytes allocated
==20502== 
==20502== All heap blocks were freed -- no leaks are possible
==20502== 
==20502== For counts of detected and suppressed errors, rerun with: -v
==20502== ERROR SUMMARY: 0 errors from 0 contexts (suppressed: 0 from 0)
bash-4.2$ c[Kmake clean
rm -f lab11_aveney2_201
bash-4.2$ exit

Script done on Sat 17 Nov 2018 01:52:16 AM EST
